// Jest Snapshot v1, https://goo.gl/fbAQLP

exports[`renders without crashing 1`] = `
<div
  className="app"
>
  <div />
  <div
    className="list-books"
  >
    <div
      className="list-books-title"
    >
      <h1>
        MyReads
      </h1>
    </div>
    <div
      className="list-books-content"
    >
      <div>
        <div
          className="bookshelf"
        >
          <h2
            className="bookshelf-title"
          >
            Currently Reading
          </h2>
          <div
            className="align-center"
          >
            <div>
              <div
                className="css-1ucfsrd"
              />
              <div
                className="css-rho67t"
              />
              <div
                className="css-1ucfsrd"
              />
            </div>
          </div>
        </div>
        <div
          className="bookshelf"
        >
          <h2
            className="bookshelf-title"
          >
            Want to Read
          </h2>
          <div
            className="align-center"
          >
            <div>
              <div
                className="css-1ucfsrd"
              />
              <div
                className="css-rho67t"
              />
              <div
                className="css-1ucfsrd"
              />
            </div>
          </div>
        </div>
        <div
          className="bookshelf"
        >
          <h2
            className="bookshelf-title"
          >
            Read
          </h2>
          <div
            className="align-center"
          >
            <div>
              <div
                className="css-1ucfsrd"
              />
              <div
                className="css-rho67t"
              />
              <div
                className="css-1ucfsrd"
              />
            </div>
          </div>
        </div>
      </div>
    </div>
    <div
      className="open-search"
    >
      <a
        href="/search"
        onClick={[Function]}
      >
        Add a book
      </a>
    </div>
  </div>
</div>
`;
